/Users/vladislavmoiseenkov/.pyenv/versions/3.10.10/lib/python3.10/site-packages/rasa/core/tracker_store.py:1048: MovedIn20Warning: Deprecated API features detected! These feature(s) are not compatible with SQLAlchemy 2.0. To prevent incompatible upgrades prior to updating applications, ensure requirements files are pinned to "sqlalchemy<2.0". Set environment variable SQLALCHEMY_WARN_20=1 to show all deprecation warnings.  Set environment variable SQLALCHEMY_SILENCE_UBER_WARNING=1 to silence this message. (Background on SQLAlchemy 2.0 at: https://sqlalche.me/e/b8d9)
  Base: DeclarativeMeta = declarative_base()
<frozen importlib._bootstrap>:283: DeprecationWarning: the load_module() method is deprecated and slated for removal in Python 3.12; use exec_module() instead
2025-01-13 21:04:14 DEBUG    rasa.cli.utils  - Parameter 'credentials' not set. Using default location 'credentials.yml' instead.
/Users/vladislavmoiseenkov/.pyenv/versions/3.10.10/lib/python3.10/site-packages/sanic_cors/extension.py:39: DeprecationWarning: distutils Version classes are deprecated. Use packaging.version instead.
  SANIC_VERSION = LooseVersion(sanic_version)
/Users/vladislavmoiseenkov/.pyenv/versions/3.10.10/lib/python3.10/site-packages/tensorflow/core/framework/tensor_shape_pb2.py:18: DeprecationWarning: Call to deprecated create function FileDescriptor(). Note: Create unlinked descriptors is going to go away. Please use get/find descriptors from generated code or query the descriptor_pool.
  DESCRIPTOR = _descriptor.FileDescriptor(
/Users/vladislavmoiseenkov/.pyenv/versions/3.10.10/lib/python3.10/site-packages/tensorflow/core/framework/tensor_shape_pb2.py:36: DeprecationWarning: Call to deprecated create function FieldDescriptor(). Note: Create unlinked descriptors is going to go away. Please use get/find descriptors from generated code or query the descriptor_pool.
  _descriptor.FieldDescriptor(
/Users/vladislavmoiseenkov/.pyenv/versions/3.10.10/lib/python3.10/site-packages/tensorflow/core/framework/tensor_shape_pb2.py:29: DeprecationWarning: Call to deprecated create function Descriptor(). Note: Create unlinked descriptors is going to go away. Please use get/find descriptors from generated code or query the descriptor_pool.
  _TENSORSHAPEPROTO_DIM = _descriptor.Descriptor(
/Users/vladislavmoiseenkov/.pyenv/versions/3.10.10/lib/python3.10/site-packages/tensorflow/core/framework/types_pb2.py:19: DeprecationWarning: Call to deprecated create function FileDescriptor(). Note: Create unlinked descriptors is going to go away. Please use get/find descriptors from generated code or query the descriptor_pool.
  DESCRIPTOR = _descriptor.FileDescriptor(
/Users/vladislavmoiseenkov/.pyenv/versions/3.10.10/lib/python3.10/site-packages/tensorflow/core/framework/types_pb2.py:33: DeprecationWarning: Call to deprecated create function EnumValueDescriptor(). Note: Create unlinked descriptors is going to go away. Please use get/find descriptors from generated code or query the descriptor_pool.
  _descriptor.EnumValueDescriptor(
/Users/vladislavmoiseenkov/.pyenv/versions/3.10.10/lib/python3.10/site-packages/tensorflow/core/framework/types_pb2.py:27: DeprecationWarning: Call to deprecated create function EnumDescriptor(). Note: Create unlinked descriptors is going to go away. Please use get/find descriptors from generated code or query the descriptor_pool.
  _DATATYPE = _descriptor.EnumDescriptor(
/Users/vladislavmoiseenkov/.pyenv/versions/3.10.10/lib/python3.10/site-packages/tensorflow/core/framework/types_pb2.py:287: DeprecationWarning: Call to deprecated create function FieldDescriptor(). Note: Create unlinked descriptors is going to go away. Please use get/find descriptors from generated code or query the descriptor_pool.
  _descriptor.FieldDescriptor(
/Users/vladislavmoiseenkov/.pyenv/versions/3.10.10/lib/python3.10/site-packages/tensorflow/core/framework/types_pb2.py:280: DeprecationWarning: Call to deprecated create function Descriptor(). Note: Create unlinked descriptors is going to go away. Please use get/find descriptors from generated code or query the descriptor_pool.
  _SERIALIZEDDTYPE = _descriptor.Descriptor(
/Users/vladislavmoiseenkov/.pyenv/versions/3.10.10/lib/python3.10/site-packages/tensorflow/core/framework/resource_handle_pb2.py:20: DeprecationWarning: Call to deprecated create function FileDescriptor(). Note: Create unlinked descriptors is going to go away. Please use get/find descriptors from generated code or query the descriptor_pool.
  DESCRIPTOR = _descriptor.FileDescriptor(
/Users/vladislavmoiseenkov/.pyenv/versions/3.10.10/lib/python3.10/site-packages/tensorflow/core/framework/resource_handle_pb2.py:39: DeprecationWarning: Call to deprecated create function FieldDescriptor(). Note: Create unlinked descriptors is going to go away. Please use get/find descriptors from generated code or query the descriptor_pool.
  _descriptor.FieldDescriptor(
/Users/vladislavmoiseenkov/.pyenv/versions/3.10.10/lib/python3.10/site-packages/tensorflow/core/framework/resource_handle_pb2.py:32: DeprecationWarning: Call to deprecated create function Descriptor(). Note: Create unlinked descriptors is going to go away. Please use get/find descriptors from generated code or query the descriptor_pool.
  _RESOURCEHANDLEPROTO_DTYPEANDSHAPE = _descriptor.Descriptor(
/Users/vladislavmoiseenkov/.pyenv/versions/3.10.10/lib/python3.10/site-packages/tensorflow/core/framework/tensor_pb2.py:21: DeprecationWarning: Call to deprecated create function FileDescriptor(). Note: Create unlinked descriptors is going to go away. Please use get/find descriptors from generated code or query the descriptor_pool.
  DESCRIPTOR = _descriptor.FileDescriptor(
/Users/vladislavmoiseenkov/.pyenv/versions/3.10.10/lib/python3.10/site-packages/tensorflow/core/framework/tensor_pb2.py:40: DeprecationWarning: Call to deprecated create function FieldDescriptor(). Note: Create unlinked descriptors is going to go away. Please use get/find descriptors from generated code or query the descriptor_pool.
  _descriptor.FieldDescriptor(
/Users/vladislavmoiseenkov/.pyenv/versions/3.10.10/lib/python3.10/site-packages/tensorflow/core/framework/tensor_pb2.py:33: DeprecationWarning: Call to deprecated create function Descriptor(). Note: Create unlinked descriptors is going to go away. Please use get/find descriptors from generated code or query the descriptor_pool.
  _TENSORPROTO = _descriptor.Descriptor(
/Users/vladislavmoiseenkov/.pyenv/versions/3.10.10/lib/python3.10/site-packages/tensorflow/core/framework/attr_value_pb2.py:21: DeprecationWarning: Call to deprecated create function FileDescriptor(). Note: Create unlinked descriptors is going to go away. Please use get/find descriptors from generated code or query the descriptor_pool.
  DESCRIPTOR = _descriptor.FileDescriptor(
/Users/vladislavmoiseenkov/.pyenv/versions/3.10.10/lib/python3.10/site-packages/tensorflow/core/framework/attr_value_pb2.py:40: DeprecationWarning: Call to deprecated create function FieldDescriptor(). Note: Create unlinked descriptors is going to go away. Please use get/find descriptors from generated code or query the descriptor_pool.
  _descriptor.FieldDescriptor(
/Users/vladislavmoiseenkov/.pyenv/versions/3.10.10/lib/python3.10/site-packages/tensorflow/python/framework/dtypes.py:246: DeprecationWarning: `np.bool8` is a deprecated alias for `np.bool_`.  (Deprecated NumPy 1.24)
  np.bool8: (False, True),
2025-01-13 21:04:16 DEBUG    h5py._conv  - Creating converter from 7 to 5
2025-01-13 21:04:16 DEBUG    h5py._conv  - Creating converter from 5 to 7
2025-01-13 21:04:16 DEBUG    h5py._conv  - Creating converter from 7 to 5
2025-01-13 21:04:16 DEBUG    h5py._conv  - Creating converter from 5 to 7
<frozen importlib._bootstrap>:283: DeprecationWarning: the load_module() method is deprecated and slated for removal in Python 3.12; use exec_module() instead
2025-01-13 21:04:18 DEBUG    rasa.core.utils  - Available web server routes: 
/conversations/<conversation_id:path>/messages     POST                           add_message
/conversations/<conversation_id:path>/tracker/events POST                           append_events
/webhooks/rasa                                     GET                            custom_webhook_RasaChatInput.health
/webhooks/rasa/webhook                             POST                           custom_webhook_RasaChatInput.receive
/webhooks/rest                                     GET                            custom_webhook_RestInput.health
/webhooks/rest/webhook                             POST                           custom_webhook_RestInput.receive
/model/test/intents                                POST                           evaluate_intents
/model/test/stories                                POST                           evaluate_stories
/conversations/<conversation_id:path>/execute      POST                           execute_action
/domain                                            GET                            get_domain
/                                                  GET                            hello
/model                                             PUT                            load_model
/model/parse                                       POST                           parse
/conversations/<conversation_id:path>/predict      POST                           predict
/conversations/<conversation_id:path>/tracker/events PUT                            replace_events
/conversations/<conversation_id:path>/story        GET                            retrieve_story
/conversations/<conversation_id:path>/tracker      GET                            retrieve_tracker
/status                                            GET                            status
/model/predict                                     POST                           tracker_predict
/model/train                                       POST                           train
/conversations/<conversation_id:path>/trigger_intent POST                           trigger_intent
/model                                             DELETE                         unload_model
/version                                           GET                            version
2025-01-13 21:04:18 INFO     root  - Starting Rasa server on http://0.0.0.0:5005
2025-01-13 21:04:18 DEBUG    rasa.core.utils  - Using the default number of Sanic workers (1).
[93m/Users/vladislavmoiseenkov/.pyenv/versions/3.10.10/lib/python3.10/site-packages/rasa/shared/core/slot_mappings.py:224: UserWarning: Slot auto-fill has been removed in 3.0 and replaced with a new explicit mechanism to set slots. Please refer to https://rasa.com/docs/rasa/domain#slots to learn more.
  rasa.shared.utils.io.raise_warning(
[0m2025-01-13 21:04:18 DEBUG    urllib3.connectionpool  - Starting new HTTPS connection (1): api.segment.io:443
2025-01-13 21:04:19 DEBUG    urllib3.connectionpool  - https://api.segment.io:443 "POST /v1/track HTTP/1.1" 200 21
2025-01-13 21:04:19 DEBUG    rasa.core.tracker_store  - Connected to InMemoryTrackerStore.
2025-01-13 21:04:19 DEBUG    rasa.core.lock_store  - Connected to lock store 'InMemoryLockStore'.
2025-01-13 21:04:19 DEBUG    rasa.core.nlg.generator  - Instantiated NLG to 'TemplatedNaturalLanguageGenerator'.
2025-01-13 21:04:19 INFO     rasa.core.processor  - Loading model models/20250113-205630-bent-cheese.tar.gz...
2025-01-13 21:04:19 DEBUG    rasa.engine.storage.local_model_storage  - Extracted model to '/var/folders/_d/9mft5l157jld4hzrh6h03k680000gn/T/tmplscxjajl'.
[93m/Users/vladislavmoiseenkov/.pyenv/versions/3.10.10/lib/python3.10/site-packages/rasa/shared/core/slot_mappings.py:224: UserWarning: Slot auto-fill has been removed in 3.0 and replaced with a new explicit mechanism to set slots. Please refer to https://rasa.com/docs/rasa/domain#slots to learn more.
  rasa.shared.utils.io.raise_warning(
[0m2025-01-13 21:04:20 DEBUG    rasa.engine.graph  - Node 'nlu_message_converter' loading 'NLUMessageConverter.load' and kwargs: '{}'.
2025-01-13 21:04:20 DEBUG    rasa.engine.graph  - Node 'run_WhitespaceTokenizer0' loading 'WhitespaceTokenizer.load' and kwargs: '{}'.
2025-01-13 21:04:20 DEBUG    rasa.engine.graph  - Node 'run_RegexFeaturizer1' loading 'RegexFeaturizer.load' and kwargs: '{}'.
2025-01-13 21:04:20 DEBUG    rasa.engine.storage.local_model_storage  - Resource 'train_RegexFeaturizer1' was requested for reading.
2025-01-13 21:04:20 DEBUG    rasa.engine.graph  - Node 'run_LexicalSyntacticFeaturizer2' loading 'LexicalSyntacticFeaturizer.load' and kwargs: '{}'.
2025-01-13 21:04:20 DEBUG    rasa.engine.storage.local_model_storage  - Resource 'train_LexicalSyntacticFeaturizer2' was requested for reading.
2025-01-13 21:04:20 DEBUG    rasa.engine.graph  - Node 'run_CountVectorsFeaturizer3' loading 'CountVectorsFeaturizer.load' and kwargs: '{}'.
2025-01-13 21:04:20 DEBUG    rasa.engine.storage.local_model_storage  - Resource 'train_CountVectorsFeaturizer3' was requested for reading.
2025-01-13 21:04:20 DEBUG    rasa.engine.graph  - Node 'run_LanguageModelFeaturizer4' loading 'LanguageModelFeaturizer.load' and kwargs: '{}'.
2025-01-13 21:04:20 DEBUG    rasa.nlu.featurizers.dense_featurizer.lm_featurizer  - Loading Tokenizer and Model for bert
2025-01-13 21:04:20 DEBUG    urllib3.connectionpool  - Starting new HTTPS connection (1): huggingface.co:443
2025-01-13 21:04:21 DEBUG    urllib3.connectionpool  - https://huggingface.co:443 "HEAD /bert-base-multilingual-cased/resolve/main/tokenizer_config.json HTTP/1.1" 200 0
2025-01-13 21:04:21 DEBUG    urllib3.connectionpool  - https://huggingface.co:443 "HEAD /bert-base-multilingual-cased/resolve/main/config.json HTTP/1.1" 200 0
Some weights of the PyTorch model were not used when initializing the TF 2.0 model TFBertModel: ['cls.predictions.transform.LayerNorm.weight', 'cls.predictions.transform.LayerNorm.bias', 'cls.predictions.transform.dense.bias', 'cls.predictions.transform.dense.weight', 'cls.predictions.bias', 'cls.seq_relationship.bias', 'cls.seq_relationship.weight']
- This IS expected if you are initializing TFBertModel from a PyTorch model trained on another task or with another architecture (e.g. initializing a TFBertForSequenceClassification model from a BertForPreTraining model).
- This IS NOT expected if you are initializing TFBertModel from a PyTorch model that you expect to be exactly identical (e.g. initializing a TFBertForSequenceClassification model from a BertForSequenceClassification model).
All the weights of TFBertModel were initialized from the PyTorch model.
If your task is similar to the task the model of the checkpoint was trained on, you can already use TFBertModel for predictions without further training.
2025-01-13 21:04:25 DEBUG    rasa.engine.graph  - Node 'run_DIETClassifier5' loading 'DIETClassifier.load' and kwargs: '{}'.
2025-01-13 21:04:25 DEBUG    rasa.engine.storage.local_model_storage  - Resource 'train_DIETClassifier5' was requested for reading.
2025-01-13 21:04:25 DEBUG    rasa.utils.tensorflow.models  - Loading the model from /var/folders/_d/9mft5l157jld4hzrh6h03k680000gn/T/tmp0yvwj2r6/train_DIETClassifier5/DIETClassifier.tf_model with finetune_mode=False...
2025-01-13 21:04:25 DEBUG    rasa.nlu.classifiers.diet_classifier  - You specified 'DIET' to train entities, but no entities are present in the training data. Skipping training of entities.
2025-01-13 21:04:25 DEBUG    rasa.nlu.classifiers.diet_classifier  - Following metrics will be logged during training: 
2025-01-13 21:04:25 DEBUG    rasa.nlu.classifiers.diet_classifier  -   t_loss (total loss)
2025-01-13 21:04:25 DEBUG    rasa.nlu.classifiers.diet_classifier  -   m_acc (mask acc)
2025-01-13 21:04:25 DEBUG    rasa.nlu.classifiers.diet_classifier  -   m_loss (mask loss)
2025-01-13 21:04:25 DEBUG    rasa.nlu.classifiers.diet_classifier  -   i_acc (intent acc)
2025-01-13 21:04:25 DEBUG    rasa.nlu.classifiers.diet_classifier  -   i_loss (intent loss)
/Users/vladislavmoiseenkov/.pyenv/versions/3.10.10/lib/python3.10/random.py:370: DeprecationWarning: non-integer arguments to randrange() have been deprecated since Python 3.10 and will be removed in a subsequent version
  return self.randrange(a, b+1)
2025-01-13 21:04:37 DEBUG    rasa.utils.tensorflow.models  - Finished loading the model.
[93m/Users/vladislavmoiseenkov/.pyenv/versions/3.10.10/lib/python3.10/site-packages/rasa/utils/train_utils.py:528: UserWarning: constrain_similarities is set to `False`. It is recommended to set it to `True` when using cross-entropy loss.
  rasa.shared.utils.io.raise_warning(
[0m2025-01-13 21:04:37 DEBUG    rasa.engine.graph  - Node 'run_EntitySynonymMapper6' loading 'EntitySynonymMapper.load' and kwargs: '{}'.
2025-01-13 21:04:37 DEBUG    rasa.engine.storage.local_model_storage  - Resource 'train_EntitySynonymMapper6' was requested for reading.
2025-01-13 21:04:37 DEBUG    rasa.nlu.extractors.entity_synonyms  - Failed to load ABCMeta from model storage. Resource 'train_EntitySynonymMapper6' doesn't exist.
2025-01-13 21:04:37 DEBUG    rasa.engine.graph  - Node 'run_ResponseSelector7' loading 'ResponseSelector.load' and kwargs: '{}'.
2025-01-13 21:04:37 DEBUG    rasa.engine.storage.local_model_storage  - Resource 'train_ResponseSelector7' was requested for reading.
2025-01-13 21:04:37 DEBUG    rasa.nlu.classifiers.diet_classifier  - Failed to load ABCMeta from model storage. Resource 'train_ResponseSelector7' doesn't exist.
2025-01-13 21:04:37 DEBUG    rasa.engine.storage.local_model_storage  - Resource 'train_ResponseSelector7' was requested for reading.
2025-01-13 21:04:37 DEBUG    rasa.nlu.selectors.response_selector  - Failed to load ResponseSelector from model storage. Resource 'train_ResponseSelector7' doesn't exist.
2025-01-13 21:04:37 DEBUG    rasa.engine.graph  - Node 'run_RegexMessageHandler' loading 'RegexMessageHandler.load' and kwargs: '{}'.
2025-01-13 21:04:37 DEBUG    rasa.engine.graph  - Node 'domain_provider' loading 'DomainProvider.load' and kwargs: '{}'.
2025-01-13 21:04:37 DEBUG    rasa.engine.storage.local_model_storage  - Resource 'domain_provider' was requested for reading.
<frozen importlib._bootstrap>:283: DeprecationWarning: the load_module() method is deprecated and slated for removal in Python 3.12; use exec_module() instead
[93m/Users/vladislavmoiseenkov/.pyenv/versions/3.10.10/lib/python3.10/site-packages/rasa/shared/core/slot_mappings.py:224: UserWarning: Slot auto-fill has been removed in 3.0 and replaced with a new explicit mechanism to set slots. Please refer to https://rasa.com/docs/rasa/domain#slots to learn more.
  rasa.shared.utils.io.raise_warning(
[0m2025-01-13 21:04:37 DEBUG    rasa.engine.graph  - Node 'run_MemoizationPolicy0' loading 'MemoizationPolicy.load' and kwargs: '{}'.
2025-01-13 21:04:37 DEBUG    rasa.engine.storage.local_model_storage  - Resource 'train_MemoizationPolicy0' was requested for reading.
2025-01-13 21:04:37 DEBUG    rasa.engine.graph  - Node 'run_RulePolicy1' loading 'RulePolicy.load' and kwargs: '{}'.
2025-01-13 21:04:37 DEBUG    rasa.engine.storage.local_model_storage  - Resource 'train_RulePolicy1' was requested for reading.
2025-01-13 21:04:37 DEBUG    rasa.engine.graph  - Node 'run_TEDPolicy2' loading 'TEDPolicy.load' and kwargs: '{}'.
2025-01-13 21:04:37 DEBUG    rasa.engine.storage.local_model_storage  - Resource 'train_TEDPolicy2' was requested for reading.
2025-01-13 21:04:37 DEBUG    rasa.utils.tensorflow.models  - Loading the model from /var/folders/_d/9mft5l157jld4hzrh6h03k680000gn/T/tmp0yvwj2r6/train_TEDPolicy2/ted_policy.tf_model with finetune_mode=False...
2025-01-13 21:04:48 DEBUG    rasa.utils.tensorflow.models  - Finished loading the model.
2025-01-13 21:04:48 DEBUG    rasa.engine.graph  - Node 'rule_only_data_provider' loading 'RuleOnlyDataProvider.load' and kwargs: '{}'.
2025-01-13 21:04:48 DEBUG    rasa.engine.storage.local_model_storage  - Resource 'train_RulePolicy1' was requested for reading.
2025-01-13 21:04:48 DEBUG    rasa.engine.graph  - Node 'select_prediction' loading 'DefaultPolicyPredictionEnsemble.load' and kwargs: '{}'.
2025-01-13 21:04:48 INFO     root  - Rasa server is up and running.
2025-01-13 21:04:48 INFO     root  - Enabling coroutine debugging. Loop id 5100961808.
2025-01-13 21:05:27 DEBUG    rasa.core.lock_store  - Issuing ticket for conversation 'test_user'.
2025-01-13 21:05:27 DEBUG    rasa.core.lock_store  - Acquiring lock for conversation 'test_user'.
2025-01-13 21:05:27 DEBUG    rasa.core.lock_store  - Acquired lock for conversation 'test_user'.
2025-01-13 21:05:27 DEBUG    rasa.core.tracker_store  - Could not find tracker for conversation ID 'test_user'.
2025-01-13 21:05:27 DEBUG    rasa.core.tracker_store  - No event broker configured. Skipping streaming events.
2025-01-13 21:05:27 DEBUG    rasa.core.processor  - Starting a new session for conversation ID 'test_user'.
2025-01-13 21:05:27 DEBUG    rasa.core.processor  - Policy prediction ended with events '[]'.
2025-01-13 21:05:27 DEBUG    rasa.core.processor  - Action 'action_session_start' ended with events '[<rasa.shared.core.events.SessionStarted object at 0x318f43910>, ActionExecuted(action: action_listen, policy: None, confidence: None)]'.
2025-01-13 21:05:27 DEBUG    rasa.core.processor  - Current slot values: 
	topic: None
	session_started_metadata: None
2025-01-13 21:05:27 DEBUG    rasa.engine.runner.dask  - Running graph with inputs: {'__message__': [<rasa.core.channels.channel.UserMessage object at 0x318b7c070>]}, targets: ['run_RegexMessageHandler'] and ExecutionContext(model_id='ffdc5861f70247529ece962ac1acd6a5', should_add_diagnostic_data=False, is_finetuning=False, node_name=None).
2025-01-13 21:05:27 DEBUG    rasa.engine.graph  - Node 'nlu_message_converter' running 'NLUMessageConverter.convert_user_message'.
2025-01-13 21:05:27 DEBUG    rasa.engine.graph  - Node 'run_WhitespaceTokenizer0' running 'WhitespaceTokenizer.process'.
2025-01-13 21:05:27 DEBUG    rasa.engine.graph  - Node 'run_RegexFeaturizer1' running 'RegexFeaturizer.process'.
2025-01-13 21:05:27 DEBUG    rasa.engine.graph  - Node 'run_LexicalSyntacticFeaturizer2' running 'LexicalSyntacticFeaturizer.process'.
2025-01-13 21:05:27 DEBUG    rasa.engine.graph  - Node 'run_CountVectorsFeaturizer3' running 'CountVectorsFeaturizer.process'.
2025-01-13 21:05:27 DEBUG    rasa.engine.graph  - Node 'run_LanguageModelFeaturizer4' running 'LanguageModelFeaturizer.process'.
2025-01-13 21:05:27 DEBUG    rasa.engine.graph  - Node 'run_DIETClassifier5' running 'DIETClassifier.process'.
2025-01-13 21:05:27 DEBUG    rasa.engine.graph  - Node 'run_EntitySynonymMapper6' running 'EntitySynonymMapper.process'.
2025-01-13 21:05:27 DEBUG    rasa.engine.graph  - Node 'run_ResponseSelector7' running 'ResponseSelector.process'.
2025-01-13 21:05:27 DEBUG    rasa.nlu.classifiers.diet_classifier  - There is no trained model for 'ResponseSelector': The component is either not trained or didn't receive enough training data.
2025-01-13 21:05:27 DEBUG    rasa.nlu.selectors.response_selector  - Adding following selector key to message property: faq
2025-01-13 21:05:27 DEBUG    rasa.engine.graph  - Node 'domain_provider' running 'DomainProvider.provide_inference'.
2025-01-13 21:05:27 DEBUG    rasa.engine.graph  - Node 'run_RegexMessageHandler' running 'RegexMessageHandler.process'.
2025-01-13 21:05:27 DEBUG    rasa.core.processor  - Received user message 'Привет' with intent '{'name': 'greet', 'confidence': 0.990624725818634}' and entities '[]'
2025-01-13 21:05:27 DEBUG    rasa.core.processor  - Logged UserUtterance - tracker now has 4 events.
2025-01-13 21:05:27 DEBUG    rasa.core.actions.action  - Validating extracted slots: topic
2025-01-13 21:05:27 DEBUG    rasa.core.processor  - Default action 'action_extract_slots' was executed, resulting in 1 events: SlotSet(key: topic, value: Привет)
2025-01-13 21:05:27 DEBUG    rasa.engine.runner.dask  - Running graph with inputs: {'__tracker__': <rasa.shared.core.trackers.DialogueStateTracker object at 0x318f41900>}, targets: ['select_prediction'] and ExecutionContext(model_id='ffdc5861f70247529ece962ac1acd6a5', should_add_diagnostic_data=False, is_finetuning=False, node_name=None).
2025-01-13 21:05:27 DEBUG    rasa.engine.graph  - Node 'rule_only_data_provider' running 'RuleOnlyDataProvider.provide'.
2025-01-13 21:05:27 DEBUG    rasa.engine.graph  - Node 'domain_provider' running 'DomainProvider.provide_inference'.
2025-01-13 21:05:27 DEBUG    rasa.engine.graph  - Node 'run_MemoizationPolicy0' running 'MemoizationPolicy.predict_action_probabilities'.
2025-01-13 21:05:27 DEBUG    rasa.core.policies.memoization  - Current tracker state:
[state 1] user intent: greet | previous action name: action_listen
2025-01-13 21:05:27 DEBUG    rasa.core.policies.memoization  - There is a memorised next action 'utter_greet'
2025-01-13 21:05:27 DEBUG    rasa.engine.graph  - Node 'run_RulePolicy1' running 'RulePolicy.predict_action_probabilities'.
2025-01-13 21:05:27 DEBUG    rasa.core.policies.rule_policy  - Current tracker state:
[state 1] user text: Привет | previous action name: action_listen
2025-01-13 21:05:27 DEBUG    rasa.core.policies.rule_policy  - There is no applicable rule.
2025-01-13 21:05:27 DEBUG    rasa.core.policies.rule_policy  - Current tracker state:
[state 1] user intent: greet | previous action name: action_listen
2025-01-13 21:05:27 DEBUG    rasa.core.policies.rule_policy  - There is a rule for the next action 'utter_greet'.
2025-01-13 21:05:27 DEBUG    rasa.engine.graph  - Node 'run_TEDPolicy2' running 'TEDPolicy.predict_action_probabilities'.
2025-01-13 21:05:27 DEBUG    rasa.core.policies.ted_policy  - TED predicted 'utter_greet' based on user intent.
2025-01-13 21:05:27 DEBUG    rasa.engine.graph  - Node 'select_prediction' running 'DefaultPolicyPredictionEnsemble.combine_predictions_from_kwargs'.
2025-01-13 21:05:27 DEBUG    rasa.core.policies.ensemble  - Made prediction using user intent.
2025-01-13 21:05:27 DEBUG    rasa.core.policies.ensemble  - Added `DefinePrevUserUtteredFeaturization(False)` event.
2025-01-13 21:05:27 DEBUG    rasa.core.policies.ensemble  - Predicted next action using RulePolicy.
2025-01-13 21:05:27 DEBUG    rasa.core.processor  - Predicted next action 'utter_greet' with confidence 1.00.
2025-01-13 21:05:27 DEBUG    rasa.core.processor  - Policy prediction ended with events '[<rasa.shared.core.events.DefinePrevUserUtteredFeaturization object at 0x318f80d90>]'.
2025-01-13 21:05:27 DEBUG    rasa.core.processor  - Action 'utter_greet' ended with events '[BotUttered('Привет! Чем могу помочь в области архитектуры программного обеспечения?', {"elements": null, "quick_replies": null, "buttons": null, "attachment": null, "image": null, "custom": null}, {"utter_action": "utter_greet"}, 1736791527.7969081)]'.
2025-01-13 21:05:27 DEBUG    rasa.engine.runner.dask  - Running graph with inputs: {'__tracker__': <rasa.shared.core.trackers.DialogueStateTracker object at 0x318f41900>}, targets: ['select_prediction'] and ExecutionContext(model_id='ffdc5861f70247529ece962ac1acd6a5', should_add_diagnostic_data=False, is_finetuning=False, node_name=None).
2025-01-13 21:05:27 DEBUG    rasa.engine.graph  - Node 'rule_only_data_provider' running 'RuleOnlyDataProvider.provide'.
2025-01-13 21:05:27 DEBUG    rasa.engine.graph  - Node 'domain_provider' running 'DomainProvider.provide_inference'.
2025-01-13 21:05:27 DEBUG    rasa.engine.graph  - Node 'run_MemoizationPolicy0' running 'MemoizationPolicy.predict_action_probabilities'.
2025-01-13 21:05:27 DEBUG    rasa.core.policies.memoization  - Current tracker state:
[state 1] user intent: greet | previous action name: action_listen
[state 2] user intent: greet | previous action name: utter_greet
2025-01-13 21:05:27 DEBUG    rasa.core.policies.memoization  - There is a memorised next action 'action_listen'
2025-01-13 21:05:27 DEBUG    rasa.engine.graph  - Node 'run_RulePolicy1' running 'RulePolicy.predict_action_probabilities'.
2025-01-13 21:05:27 DEBUG    rasa.core.policies.rule_policy  - Current tracker state:
[state 1] user intent: greet | previous action name: action_listen
[state 2] user intent: greet | previous action name: utter_greet
2025-01-13 21:05:27 DEBUG    rasa.core.policies.rule_policy  - There is a rule for the next action 'action_listen'.
2025-01-13 21:05:27 DEBUG    rasa.engine.graph  - Node 'run_TEDPolicy2' running 'TEDPolicy.predict_action_probabilities'.
2025-01-13 21:05:27 DEBUG    rasa.core.policies.ted_policy  - TED predicted 'action_listen' based on user intent.
2025-01-13 21:05:27 DEBUG    rasa.engine.graph  - Node 'select_prediction' running 'DefaultPolicyPredictionEnsemble.combine_predictions_from_kwargs'.
2025-01-13 21:05:27 DEBUG    rasa.core.policies.ensemble  - Predicted next action using RulePolicy.
2025-01-13 21:05:27 DEBUG    rasa.core.processor  - Predicted next action 'action_listen' with confidence 1.00.
2025-01-13 21:05:27 DEBUG    rasa.core.processor  - Policy prediction ended with events '[]'.
2025-01-13 21:05:27 DEBUG    rasa.core.processor  - Action 'action_listen' ended with events '[]'.
2025-01-13 21:05:27 DEBUG    rasa.core.tracker_store  - No event broker configured. Skipping streaming events.
2025-01-13 21:05:27 DEBUG    rasa.core.lock_store  - Deleted lock for conversation 'test_user'.
2025-01-13 21:06:12 DEBUG    rasa.core.lock_store  - Issuing ticket for conversation 'test_user'.
2025-01-13 21:06:12 DEBUG    rasa.core.lock_store  - Acquiring lock for conversation 'test_user'.
2025-01-13 21:06:12 DEBUG    rasa.core.lock_store  - Acquired lock for conversation 'test_user'.
2025-01-13 21:06:12 DEBUG    rasa.core.tracker_store  - Recreating tracker for id 'test_user'
2025-01-13 21:06:12 DEBUG    rasa.engine.runner.dask  - Running graph with inputs: {'__message__': [<rasa.core.channels.channel.UserMessage object at 0x318f418d0>]}, targets: ['run_RegexMessageHandler'] and ExecutionContext(model_id='ffdc5861f70247529ece962ac1acd6a5', should_add_diagnostic_data=False, is_finetuning=False, node_name=None).
2025-01-13 21:06:12 DEBUG    rasa.engine.graph  - Node 'nlu_message_converter' running 'NLUMessageConverter.convert_user_message'.
2025-01-13 21:06:12 DEBUG    rasa.engine.graph  - Node 'run_WhitespaceTokenizer0' running 'WhitespaceTokenizer.process'.
2025-01-13 21:06:12 DEBUG    rasa.engine.graph  - Node 'run_RegexFeaturizer1' running 'RegexFeaturizer.process'.
2025-01-13 21:06:12 DEBUG    rasa.engine.graph  - Node 'run_LexicalSyntacticFeaturizer2' running 'LexicalSyntacticFeaturizer.process'.
2025-01-13 21:06:12 DEBUG    rasa.engine.graph  - Node 'run_CountVectorsFeaturizer3' running 'CountVectorsFeaturizer.process'.
2025-01-13 21:06:12 DEBUG    rasa.engine.graph  - Node 'run_LanguageModelFeaturizer4' running 'LanguageModelFeaturizer.process'.
2025-01-13 21:06:12 DEBUG    rasa.engine.graph  - Node 'run_DIETClassifier5' running 'DIETClassifier.process'.
2025-01-13 21:06:12 DEBUG    rasa.engine.graph  - Node 'run_EntitySynonymMapper6' running 'EntitySynonymMapper.process'.
2025-01-13 21:06:12 DEBUG    rasa.engine.graph  - Node 'run_ResponseSelector7' running 'ResponseSelector.process'.
2025-01-13 21:06:12 DEBUG    rasa.nlu.classifiers.diet_classifier  - There is no trained model for 'ResponseSelector': The component is either not trained or didn't receive enough training data.
2025-01-13 21:06:12 DEBUG    rasa.nlu.selectors.response_selector  - Adding following selector key to message property: faq
2025-01-13 21:06:12 DEBUG    rasa.engine.graph  - Node 'domain_provider' running 'DomainProvider.provide_inference'.
2025-01-13 21:06:12 DEBUG    rasa.engine.graph  - Node 'run_RegexMessageHandler' running 'RegexMessageHandler.process'.
2025-01-13 21:06:12 DEBUG    rasa.core.processor  - Received user message 'Какие подходы существуют в архитектуре?' with intent '{'name': 'ask_architecture', 'confidence': 0.9996165037155151}' and entities '[]'
2025-01-13 21:06:12 DEBUG    rasa.core.processor  - Logged UserUtterance - tracker now has 10 events.
2025-01-13 21:06:12 DEBUG    rasa.core.actions.action  - Validating extracted slots: topic
2025-01-13 21:06:12 DEBUG    rasa.core.processor  - Default action 'action_extract_slots' was executed, resulting in 1 events: SlotSet(key: topic, value: Какие подходы существуют в архитектуре?)
2025-01-13 21:06:12 DEBUG    rasa.engine.runner.dask  - Running graph with inputs: {'__tracker__': <rasa.shared.core.trackers.DialogueStateTracker object at 0x318f43af0>}, targets: ['select_prediction'] and ExecutionContext(model_id='ffdc5861f70247529ece962ac1acd6a5', should_add_diagnostic_data=False, is_finetuning=False, node_name=None).
2025-01-13 21:06:12 DEBUG    rasa.engine.graph  - Node 'rule_only_data_provider' running 'RuleOnlyDataProvider.provide'.
2025-01-13 21:06:12 DEBUG    rasa.engine.graph  - Node 'domain_provider' running 'DomainProvider.provide_inference'.
2025-01-13 21:06:12 DEBUG    rasa.engine.graph  - Node 'run_MemoizationPolicy0' running 'MemoizationPolicy.predict_action_probabilities'.
2025-01-13 21:06:12 DEBUG    rasa.core.policies.memoization  - Current tracker state:
[state 1] user intent: greet | previous action name: action_listen
[state 2] user intent: greet | previous action name: utter_greet
[state 3] user intent: ask_architecture | previous action name: action_listen
2025-01-13 21:06:12 DEBUG    rasa.core.policies.memoization  - There is a memorised next action 'utter_architecture_response'
2025-01-13 21:06:12 DEBUG    rasa.engine.graph  - Node 'run_RulePolicy1' running 'RulePolicy.predict_action_probabilities'.
2025-01-13 21:06:12 DEBUG    rasa.core.policies.rule_policy  - Current tracker state:
[state 1] user intent: greet | previous action name: action_listen
[state 2] user intent: greet | previous action name: utter_greet
[state 3] user text: Какие подходы существуют в архитектуре? | previous action name: action_listen
2025-01-13 21:06:12 DEBUG    rasa.core.policies.rule_policy  - There is no applicable rule.
2025-01-13 21:06:12 DEBUG    rasa.core.policies.rule_policy  - Current tracker state:
[state 1] user intent: greet | previous action name: action_listen
[state 2] user intent: greet | previous action name: utter_greet
[state 3] user intent: ask_architecture | previous action name: action_listen
2025-01-13 21:06:12 DEBUG    rasa.core.policies.rule_policy  - There is a rule for the next action 'utter_architecture_response'.
2025-01-13 21:06:12 DEBUG    rasa.engine.graph  - Node 'run_TEDPolicy2' running 'TEDPolicy.predict_action_probabilities'.
2025-01-13 21:06:12 DEBUG    rasa.core.policies.ted_policy  - TED predicted 'utter_architecture_response' based on user intent.
2025-01-13 21:06:12 DEBUG    rasa.engine.graph  - Node 'select_prediction' running 'DefaultPolicyPredictionEnsemble.combine_predictions_from_kwargs'.
2025-01-13 21:06:12 DEBUG    rasa.core.policies.ensemble  - Made prediction using user intent.
2025-01-13 21:06:12 DEBUG    rasa.core.policies.ensemble  - Added `DefinePrevUserUtteredFeaturization(False)` event.
2025-01-13 21:06:12 DEBUG    rasa.core.policies.ensemble  - Predicted next action using RulePolicy.
2025-01-13 21:06:12 DEBUG    rasa.core.processor  - Predicted next action 'utter_architecture_response' with confidence 1.00.
2025-01-13 21:06:12 DEBUG    rasa.core.processor  - Policy prediction ended with events '[<rasa.shared.core.events.DefinePrevUserUtteredFeaturization object at 0x318f81a80>]'.
2025-01-13 21:06:12 DEBUG    rasa.core.processor  - Action 'utter_architecture_response' ended with events '[BotUttered('Архитектура ПО включает выбор структур, которые обеспечивают масштабируемость, гибкость и поддерживаемость приложения. Задайте конкретный вопрос по этой теме, и я помогу вам с информацией.', {"elements": null, "quick_replies": null, "buttons": null, "attachment": null, "image": null, "custom": null}, {"utter_action": "utter_architecture_response"}, 1736791572.990648)]'.
2025-01-13 21:06:12 DEBUG    rasa.engine.runner.dask  - Running graph with inputs: {'__tracker__': <rasa.shared.core.trackers.DialogueStateTracker object at 0x318f43af0>}, targets: ['select_prediction'] and ExecutionContext(model_id='ffdc5861f70247529ece962ac1acd6a5', should_add_diagnostic_data=False, is_finetuning=False, node_name=None).
2025-01-13 21:06:12 DEBUG    rasa.engine.graph  - Node 'rule_only_data_provider' running 'RuleOnlyDataProvider.provide'.
2025-01-13 21:06:12 DEBUG    rasa.engine.graph  - Node 'domain_provider' running 'DomainProvider.provide_inference'.
2025-01-13 21:06:12 DEBUG    rasa.engine.graph  - Node 'run_MemoizationPolicy0' running 'MemoizationPolicy.predict_action_probabilities'.
2025-01-13 21:06:12 DEBUG    rasa.core.policies.memoization  - Current tracker state:
[state 1] user intent: greet | previous action name: action_listen
[state 2] user intent: greet | previous action name: utter_greet
[state 3] user intent: ask_architecture | previous action name: action_listen
[state 4] user intent: ask_architecture | previous action name: utter_architecture_response
2025-01-13 21:06:12 DEBUG    rasa.core.policies.memoization  - There is a memorised next action 'action_listen'
2025-01-13 21:06:12 DEBUG    rasa.engine.graph  - Node 'run_RulePolicy1' running 'RulePolicy.predict_action_probabilities'.
2025-01-13 21:06:12 DEBUG    rasa.core.policies.rule_policy  - Current tracker state:
[state 1] user intent: greet | previous action name: action_listen
[state 2] user intent: greet | previous action name: utter_greet
[state 3] user intent: ask_architecture | previous action name: action_listen
[state 4] user intent: ask_architecture | previous action name: utter_architecture_response
2025-01-13 21:06:12 DEBUG    rasa.core.policies.rule_policy  - There is a rule for the next action 'action_listen'.
2025-01-13 21:06:12 DEBUG    rasa.engine.graph  - Node 'run_TEDPolicy2' running 'TEDPolicy.predict_action_probabilities'.
2025-01-13 21:06:12 DEBUG    rasa.core.policies.ted_policy  - TED predicted 'action_listen' based on user intent.
2025-01-13 21:06:12 DEBUG    rasa.engine.graph  - Node 'select_prediction' running 'DefaultPolicyPredictionEnsemble.combine_predictions_from_kwargs'.
2025-01-13 21:06:12 DEBUG    rasa.core.policies.ensemble  - Predicted next action using RulePolicy.
2025-01-13 21:06:12 DEBUG    rasa.core.processor  - Predicted next action 'action_listen' with confidence 1.00.
2025-01-13 21:06:12 DEBUG    rasa.core.processor  - Policy prediction ended with events '[]'.
2025-01-13 21:06:12 DEBUG    rasa.core.processor  - Action 'action_listen' ended with events '[]'.
2025-01-13 21:06:12 DEBUG    rasa.core.tracker_store  - No event broker configured. Skipping streaming events.
2025-01-13 21:06:12 DEBUG    rasa.core.lock_store  - Deleted lock for conversation 'test_user'.
2025-01-13 21:06:32 DEBUG    rasa.core.lock_store  - Issuing ticket for conversation 'test_user'.
2025-01-13 21:06:32 DEBUG    rasa.core.lock_store  - Acquiring lock for conversation 'test_user'.
2025-01-13 21:06:32 DEBUG    rasa.core.lock_store  - Acquired lock for conversation 'test_user'.
2025-01-13 21:06:32 DEBUG    rasa.core.tracker_store  - Recreating tracker for id 'test_user'
2025-01-13 21:06:32 DEBUG    rasa.engine.runner.dask  - Running graph with inputs: {'__message__': [<rasa.core.channels.channel.UserMessage object at 0x318f418d0>]}, targets: ['run_RegexMessageHandler'] and ExecutionContext(model_id='ffdc5861f70247529ece962ac1acd6a5', should_add_diagnostic_data=False, is_finetuning=False, node_name=None).
2025-01-13 21:06:32 DEBUG    rasa.engine.graph  - Node 'nlu_message_converter' running 'NLUMessageConverter.convert_user_message'.
2025-01-13 21:06:32 DEBUG    rasa.engine.graph  - Node 'run_WhitespaceTokenizer0' running 'WhitespaceTokenizer.process'.
2025-01-13 21:06:32 DEBUG    rasa.engine.graph  - Node 'run_RegexFeaturizer1' running 'RegexFeaturizer.process'.
2025-01-13 21:06:32 DEBUG    rasa.engine.graph  - Node 'run_LexicalSyntacticFeaturizer2' running 'LexicalSyntacticFeaturizer.process'.
2025-01-13 21:06:32 DEBUG    rasa.engine.graph  - Node 'run_CountVectorsFeaturizer3' running 'CountVectorsFeaturizer.process'.
2025-01-13 21:06:32 DEBUG    rasa.engine.graph  - Node 'run_LanguageModelFeaturizer4' running 'LanguageModelFeaturizer.process'.
2025-01-13 21:06:32 DEBUG    rasa.engine.graph  - Node 'run_DIETClassifier5' running 'DIETClassifier.process'.
2025-01-13 21:06:32 DEBUG    rasa.engine.graph  - Node 'run_EntitySynonymMapper6' running 'EntitySynonymMapper.process'.
2025-01-13 21:06:32 DEBUG    rasa.engine.graph  - Node 'run_ResponseSelector7' running 'ResponseSelector.process'.
2025-01-13 21:06:32 DEBUG    rasa.nlu.classifiers.diet_classifier  - There is no trained model for 'ResponseSelector': The component is either not trained or didn't receive enough training data.
2025-01-13 21:06:32 DEBUG    rasa.nlu.selectors.response_selector  - Adding following selector key to message property: faq
2025-01-13 21:06:32 DEBUG    rasa.engine.graph  - Node 'domain_provider' running 'DomainProvider.provide_inference'.
2025-01-13 21:06:32 DEBUG    rasa.engine.graph  - Node 'run_RegexMessageHandler' running 'RegexMessageHandler.process'.
2025-01-13 21:06:32 DEBUG    rasa.core.processor  - Received user message 'Пока' with intent '{'name': 'goodbye', 'confidence': 0.5658018589019775}' and entities '[]'
2025-01-13 21:06:32 DEBUG    rasa.core.processor  - Logged UserUtterance - tracker now has 16 events.
2025-01-13 21:06:32 DEBUG    rasa.core.actions.action  - Validating extracted slots: topic
2025-01-13 21:06:32 DEBUG    rasa.core.processor  - Default action 'action_extract_slots' was executed, resulting in 1 events: SlotSet(key: topic, value: Пока)
2025-01-13 21:06:32 DEBUG    rasa.engine.runner.dask  - Running graph with inputs: {'__tracker__': <rasa.shared.core.trackers.DialogueStateTracker object at 0x318f43be0>}, targets: ['select_prediction'] and ExecutionContext(model_id='ffdc5861f70247529ece962ac1acd6a5', should_add_diagnostic_data=False, is_finetuning=False, node_name=None).
2025-01-13 21:06:32 DEBUG    rasa.engine.graph  - Node 'rule_only_data_provider' running 'RuleOnlyDataProvider.provide'.
2025-01-13 21:06:32 DEBUG    rasa.engine.graph  - Node 'domain_provider' running 'DomainProvider.provide_inference'.
2025-01-13 21:06:32 DEBUG    rasa.engine.graph  - Node 'run_MemoizationPolicy0' running 'MemoizationPolicy.predict_action_probabilities'.
2025-01-13 21:06:32 DEBUG    rasa.core.policies.memoization  - Current tracker state:
[state 0] user intent: greet | previous action name: action_listen
[state 1] user intent: greet | previous action name: utter_greet
[state 2] user intent: ask_architecture | previous action name: action_listen
[state 3] user intent: ask_architecture | previous action name: utter_architecture_response
[state 4] user intent: goodbye | previous action name: action_listen
2025-01-13 21:06:32 DEBUG    rasa.core.policies.memoization  - There is no memorised next action
2025-01-13 21:06:32 DEBUG    rasa.engine.graph  - Node 'run_RulePolicy1' running 'RulePolicy.predict_action_probabilities'.
2025-01-13 21:06:32 DEBUG    rasa.core.policies.rule_policy  - Current tracker state:
[state 1] user intent: greet | previous action name: action_listen
[state 2] user intent: greet | previous action name: utter_greet
[state 3] user intent: ask_architecture | previous action name: action_listen
[state 4] user intent: ask_architecture | previous action name: utter_architecture_response
[state 5] user text: Пока | previous action name: action_listen
2025-01-13 21:06:32 DEBUG    rasa.core.policies.rule_policy  - There is no applicable rule.
2025-01-13 21:06:32 DEBUG    rasa.core.policies.rule_policy  - Current tracker state:
[state 1] user intent: greet | previous action name: action_listen
[state 2] user intent: greet | previous action name: utter_greet
[state 3] user intent: ask_architecture | previous action name: action_listen
[state 4] user intent: ask_architecture | previous action name: utter_architecture_response
[state 5] user intent: goodbye | previous action name: action_listen
2025-01-13 21:06:32 DEBUG    rasa.core.policies.rule_policy  - There is a rule for the next action 'utter_goodbye'.
2025-01-13 21:06:32 DEBUG    rasa.engine.graph  - Node 'run_TEDPolicy2' running 'TEDPolicy.predict_action_probabilities'.
2025-01-13 21:06:32 DEBUG    rasa.core.policies.ted_policy  - TED predicted 'utter_goodbye' based on user intent.
2025-01-13 21:06:32 DEBUG    rasa.engine.graph  - Node 'select_prediction' running 'DefaultPolicyPredictionEnsemble.combine_predictions_from_kwargs'.
2025-01-13 21:06:32 DEBUG    rasa.core.policies.ensemble  - Made prediction using user intent.
2025-01-13 21:06:32 DEBUG    rasa.core.policies.ensemble  - Added `DefinePrevUserUtteredFeaturization(False)` event.
2025-01-13 21:06:32 DEBUG    rasa.core.policies.ensemble  - Predicted next action using RulePolicy.
2025-01-13 21:06:32 DEBUG    rasa.core.processor  - Predicted next action 'utter_goodbye' with confidence 1.00.
2025-01-13 21:06:32 DEBUG    rasa.core.processor  - Policy prediction ended with events '[<rasa.shared.core.events.DefinePrevUserUtteredFeaturization object at 0x318f80d30>]'.
2025-01-13 21:06:32 DEBUG    rasa.core.processor  - Action 'utter_goodbye' ended with events '[BotUttered('До свидания! Если появятся вопросы по архитектуре ПО, обращайтесь.', {"elements": null, "quick_replies": null, "buttons": null, "attachment": null, "image": null, "custom": null}, {"utter_action": "utter_goodbye"}, 1736791592.324899)]'.
2025-01-13 21:06:32 DEBUG    rasa.engine.runner.dask  - Running graph with inputs: {'__tracker__': <rasa.shared.core.trackers.DialogueStateTracker object at 0x318f43be0>}, targets: ['select_prediction'] and ExecutionContext(model_id='ffdc5861f70247529ece962ac1acd6a5', should_add_diagnostic_data=False, is_finetuning=False, node_name=None).
2025-01-13 21:06:32 DEBUG    rasa.engine.graph  - Node 'rule_only_data_provider' running 'RuleOnlyDataProvider.provide'.
2025-01-13 21:06:32 DEBUG    rasa.engine.graph  - Node 'domain_provider' running 'DomainProvider.provide_inference'.
2025-01-13 21:06:32 DEBUG    rasa.engine.graph  - Node 'run_MemoizationPolicy0' running 'MemoizationPolicy.predict_action_probabilities'.
2025-01-13 21:06:32 DEBUG    rasa.core.policies.memoization  - Current tracker state:
[state 0] user intent: greet | previous action name: utter_greet
[state 1] user intent: ask_architecture | previous action name: action_listen
[state 2] user intent: ask_architecture | previous action name: utter_architecture_response
[state 3] user intent: goodbye | previous action name: action_listen
[state 4] user intent: goodbye | previous action name: utter_goodbye
2025-01-13 21:06:32 DEBUG    rasa.core.policies.memoization  - There is no memorised next action
2025-01-13 21:06:32 DEBUG    rasa.engine.graph  - Node 'run_RulePolicy1' running 'RulePolicy.predict_action_probabilities'.
2025-01-13 21:06:32 DEBUG    rasa.core.policies.rule_policy  - Current tracker state:
[state 1] user intent: greet | previous action name: action_listen
[state 2] user intent: greet | previous action name: utter_greet
[state 3] user intent: ask_architecture | previous action name: action_listen
[state 4] user intent: ask_architecture | previous action name: utter_architecture_response
[state 5] user intent: goodbye | previous action name: action_listen
[state 6] user intent: goodbye | previous action name: utter_goodbye
2025-01-13 21:06:32 DEBUG    rasa.core.policies.rule_policy  - There is a rule for the next action 'action_listen'.
2025-01-13 21:06:32 DEBUG    rasa.engine.graph  - Node 'run_TEDPolicy2' running 'TEDPolicy.predict_action_probabilities'.
2025-01-13 21:06:32 DEBUG    rasa.core.policies.ted_policy  - TED predicted 'action_listen' based on user intent.
2025-01-13 21:06:32 DEBUG    rasa.engine.graph  - Node 'select_prediction' running 'DefaultPolicyPredictionEnsemble.combine_predictions_from_kwargs'.
2025-01-13 21:06:32 DEBUG    rasa.core.policies.ensemble  - Predicted next action using RulePolicy.
2025-01-13 21:06:32 DEBUG    rasa.core.processor  - Predicted next action 'action_listen' with confidence 1.00.
2025-01-13 21:06:32 DEBUG    rasa.core.processor  - Policy prediction ended with events '[]'.
2025-01-13 21:06:32 DEBUG    rasa.core.processor  - Action 'action_listen' ended with events '[]'.
2025-01-13 21:06:32 DEBUG    rasa.core.tracker_store  - No event broker configured. Skipping streaming events.
2025-01-13 21:06:32 DEBUG    rasa.core.lock_store  - Deleted lock for conversation 'test_user'.
